// Jest Snapshot v1, https://goo.gl/fbAQLP

exports[`register adduser user mutation 1`] = `
Object {
  "data": Object {
    "createUser": Object {
      "age": 20,
      "email": "Otis.Heller@hotmail.com",
      "firstName": "Vallie",
      "id": "23",
      "lastName": "Bogisich",
      "username": "Vallie Bogisich",
    },
  },
}
`;
