// Jest Snapshot v1, https://goo.gl/fbAQLP

exports[`register adduser user mutation 1`] = `
Object {
  "data": Object {
    "adduser": Object {
      "age": 20,
      "email": "Avery78@hotmail.com",
      "firstName": "Saul",
      "id": "207",
      "lastName": "Bernier",
      "username": "Saul Bernier",
    },
  },
}
`;

exports[`register createUser user mutation 1`] = `
Object {
  "data": Object {
    "createUser": Object {
      "age": 20,
      "email": "Toney28@yahoo.com",
      "firstName": "Hallie",
      "id": "206",
      "lastName": "Tremblay",
      "username": "Hallie Tremblay",
    },
  },
}
`;
