// Jest Snapshot v1, https://goo.gl/fbAQLP

exports[`register adduser user mutation 1`] = `
Object {
  "data": Object {
    "adduser": Object {
      "age": 20,
      "email": "Gabriella_Glover@gmail.com",
      "firstName": "Timmy",
      "id": "111",
      "lastName": "Walker",
      "username": "Timmy Walker",
    },
  },
}
`;

exports[`register createUser user mutation 1`] = `
Object {
  "data": Object {
    "createUser": Object {
      "age": 20,
      "email": "Kole50@yahoo.com",
      "firstName": "Kevon",
      "id": "110",
      "lastName": "Corwin",
      "username": "Kevon Corwin",
    },
  },
}
`;
